C:/Users/toussaij/STM32Cube/Repository/STM32Cube_FW_H7_V1.10.0/Drivers/STM32H7xx_HAL_Driver/Src/stm32h7xx_hal_mmc.c:3716:26:MMC_ReadExtCSD.constprop	56	static
C:/Users/toussaij/STM32Cube/Repository/STM32Cube_FW_H7_V1.10.0/Drivers/STM32H7xx_HAL_Driver/Src/stm32h7xx_hal_mmc.c:4123:17:MMC_PwrClassUpdate.part.0	32	static
C:/Users/toussaij/STM32Cube/Repository/STM32Cube_FW_H7_V1.10.0/Drivers/STM32H7xx_HAL_Driver/Src/stm32h7xx_hal_mmc.c:4123:17:MMC_PwrClassUpdate	0	static
C:/Users/toussaij/STM32Cube/Repository/STM32Cube_FW_H7_V1.10.0/Drivers/STM32H7xx_HAL_Driver/Src/stm32h7xx_hal_mmc.c:3902:17:MMC_HighSpeed	56	static
C:/Users/toussaij/STM32Cube/Repository/STM32Cube_FW_H7_V1.10.0/Drivers/STM32H7xx_HAL_Driver/Src/stm32h7xx_hal_mmc.c:4015:17:MMC_DDR_Mode	16	static
C:/Users/toussaij/STM32Cube/Repository/STM32Cube_FW_H7_V1.10.0/Drivers/STM32H7xx_HAL_Driver/Src/stm32h7xx_hal_mmc.c:540:13:HAL_MMC_MspInit	0	static
C:/Users/toussaij/STM32Cube/Repository/STM32Cube_FW_H7_V1.10.0/Drivers/STM32H7xx_HAL_Driver/Src/stm32h7xx_hal_mmc.c:555:13:HAL_MMC_MspDeInit	0	static
C:/Users/toussaij/STM32Cube/Repository/STM32Cube_FW_H7_V1.10.0/Drivers/STM32H7xx_HAL_Driver/Src/stm32h7xx_hal_mmc.c:499:19:HAL_MMC_DeInit	8	static
C:/Users/toussaij/STM32Cube/Repository/STM32Cube_FW_H7_V1.10.0/Drivers/STM32H7xx_HAL_Driver/Src/stm32h7xx_hal_mmc.c:596:19:HAL_MMC_ReadBlocks	64	static
C:/Users/toussaij/STM32Cube/Repository/STM32Cube_FW_H7_V1.10.0/Drivers/STM32H7xx_HAL_Driver/Src/stm32h7xx_hal_mmc.c:792:19:HAL_MMC_WriteBlocks	64	static
C:/Users/toussaij/STM32Cube/Repository/STM32Cube_FW_H7_V1.10.0/Drivers/STM32H7xx_HAL_Driver/Src/stm32h7xx_hal_mmc.c:988:19:HAL_MMC_ReadBlocks_IT	48	static
C:/Users/toussaij/STM32Cube/Repository/STM32Cube_FW_H7_V1.10.0/Drivers/STM32H7xx_HAL_Driver/Src/stm32h7xx_hal_mmc.c:1101:19:HAL_MMC_WriteBlocks_IT	48	static
C:/Users/toussaij/STM32Cube/Repository/STM32Cube_FW_H7_V1.10.0/Drivers/STM32H7xx_HAL_Driver/Src/stm32h7xx_hal_mmc.c:1215:19:HAL_MMC_ReadBlocks_DMA	48	static
C:/Users/toussaij/STM32Cube/Repository/STM32Cube_FW_H7_V1.10.0/Drivers/STM32H7xx_HAL_Driver/Src/stm32h7xx_hal_mmc.c:1330:19:HAL_MMC_WriteBlocks_DMA	56	static
C:/Users/toussaij/STM32Cube/Repository/STM32Cube_FW_H7_V1.10.0/Drivers/STM32H7xx_HAL_Driver/Src/stm32h7xx_hal_mmc.c:1442:19:HAL_MMC_Erase	24	static
C:/Users/toussaij/STM32Cube/Repository/STM32Cube_FW_H7_V1.10.0/Drivers/STM32H7xx_HAL_Driver/Src/stm32h7xx_hal_mmc.c:1788:22:HAL_MMC_GetState	0	static
C:/Users/toussaij/STM32Cube/Repository/STM32Cube_FW_H7_V1.10.0/Drivers/STM32H7xx_HAL_Driver/Src/stm32h7xx_hal_mmc.c:1799:10:HAL_MMC_GetError	0	static
C:/Users/toussaij/STM32Cube/Repository/STM32Cube_FW_H7_V1.10.0/Drivers/STM32H7xx_HAL_Driver/Src/stm32h7xx_hal_mmc.c:1809:13:HAL_MMC_TxCpltCallback	0	static
C:/Users/toussaij/STM32Cube/Repository/STM32Cube_FW_H7_V1.10.0/Drivers/STM32H7xx_HAL_Driver/Src/stm32h7xx_hal_mmc.c:1824:13:HAL_MMC_RxCpltCallback	0	static
C:/Users/toussaij/STM32Cube/Repository/STM32Cube_FW_H7_V1.10.0/Drivers/STM32H7xx_HAL_Driver/Src/stm32h7xx_hal_mmc.c:1839:13:HAL_MMC_ErrorCallback	0	static
C:/Users/toussaij/STM32Cube/Repository/STM32Cube_FW_H7_V1.10.0/Drivers/STM32H7xx_HAL_Driver/Src/stm32h7xx_hal_mmc.c:1854:13:HAL_MMC_AbortCallback	0	static
C:/Users/toussaij/STM32Cube/Repository/STM32Cube_FW_H7_V1.10.0/Drivers/STM32H7xx_HAL_Driver/Src/stm32h7xx_hal_mmc.c:2098:19:HAL_MMC_GetCardCID	8	static
C:/Users/toussaij/STM32Cube/Repository/STM32Cube_FW_H7_V1.10.0/Drivers/STM32H7xx_HAL_Driver/Src/stm32h7xx_hal_mmc.c:2131:19:HAL_MMC_GetCardCSD	24	static
C:/Users/toussaij/STM32Cube/Repository/STM32Cube_FW_H7_V1.10.0/Drivers/STM32H7xx_HAL_Driver/Src/stm32h7xx_hal_mmc.c:2249:19:HAL_MMC_GetCardInfo	0	static
C:/Users/toussaij/STM32Cube/Repository/STM32Cube_FW_H7_V1.10.0/Drivers/STM32H7xx_HAL_Driver/Src/stm32h7xx_hal_mmc.c:2271:19:HAL_MMC_GetCardExtCSD	56	static
C:/Users/toussaij/STM32Cube/Repository/STM32Cube_FW_H7_V1.10.0/Drivers/STM32H7xx_HAL_Driver/Src/stm32h7xx_hal_mmc.c:425:19:HAL_MMC_InitCard	120	static
C:/Users/toussaij/STM32Cube/Repository/STM32Cube_FW_H7_V1.10.0/Drivers/STM32H7xx_HAL_Driver/Src/stm32h7xx_hal_mmc.c:2393:19:HAL_MMC_ConfigWideBusOperation	56	static
C:/Users/toussaij/STM32Cube/Repository/STM32Cube_FW_H7_V1.10.0/Drivers/STM32H7xx_HAL_Driver/Src/stm32h7xx_hal_mmc.c:345:19:HAL_MMC_Init	8	static
C:/Users/toussaij/STM32Cube/Repository/STM32Cube_FW_H7_V1.10.0/Drivers/STM32H7xx_HAL_Driver/Src/stm32h7xx_hal_mmc.c:2670:26:HAL_MMC_GetCardState	8	static
C:/Users/toussaij/STM32Cube/Repository/STM32Cube_FW_H7_V1.10.0/Drivers/STM32H7xx_HAL_Driver/Src/stm32h7xx_hal_mmc.c:2514:19:HAL_MMC_ConfigSpeedBusOperation	16	static
C:/Users/toussaij/STM32Cube/Repository/STM32Cube_FW_H7_V1.10.0/Drivers/STM32H7xx_HAL_Driver/Src/stm32h7xx_hal_mmc.c:2693:19:HAL_MMC_Abort	8	static
C:/Users/toussaij/STM32Cube/Repository/STM32Cube_FW_H7_V1.10.0/Drivers/STM32H7xx_HAL_Driver/Src/stm32h7xx_hal_mmc.c:2730:19:HAL_MMC_Abort_IT	16	static
C:/Users/toussaij/STM32Cube/Repository/STM32Cube_FW_H7_V1.10.0/Drivers/STM32H7xx_HAL_Driver/Src/stm32h7xx_hal_mmc.c:2786:19:HAL_MMC_EraseSequence	32	static
C:/Users/toussaij/STM32Cube/Repository/STM32Cube_FW_H7_V1.10.0/Drivers/STM32H7xx_HAL_Driver/Src/stm32h7xx_hal_mmc.c:2917:19:HAL_MMC_Sanitize	24	static
C:/Users/toussaij/STM32Cube/Repository/STM32Cube_FW_H7_V1.10.0/Drivers/STM32H7xx_HAL_Driver/Src/stm32h7xx_hal_mmc.c:3134:19:HAL_MMC_GetSupportedSecRemovalType	0	static
C:/Users/toussaij/STM32Cube/Repository/STM32Cube_FW_H7_V1.10.0/Drivers/STM32H7xx_HAL_Driver/Src/stm32h7xx_hal_mmc.c:3028:19:HAL_MMC_ConfigSecRemovalType	24	static,ignoring_inline_asm
C:/Users/toussaij/STM32Cube/Repository/STM32Cube_FW_H7_V1.10.0/Drivers/STM32H7xx_HAL_Driver/Src/stm32h7xx_hal_mmc.c:3161:19:HAL_MMC_SleepDevice	32	static
C:/Users/toussaij/STM32Cube/Repository/STM32Cube_FW_H7_V1.10.0/Drivers/STM32H7xx_HAL_Driver/Src/stm32h7xx_hal_mmc.c:3359:19:HAL_MMC_AwakeDevice	24	static
C:/Users/toussaij/STM32Cube/Repository/STM32Cube_FW_H7_V1.10.0/Drivers/STM32H7xx_HAL_Driver/Src/stm32h7xx_hal_mmc.c:4225:13:HAL_MMCEx_Read_DMADoubleBuf0CpltCallback	0	static
C:/Users/toussaij/STM32Cube/Repository/STM32Cube_FW_H7_V1.10.0/Drivers/STM32H7xx_HAL_Driver/Src/stm32h7xx_hal_mmc.c:4240:13:HAL_MMCEx_Read_DMADoubleBuf1CpltCallback	0	static
C:/Users/toussaij/STM32Cube/Repository/STM32Cube_FW_H7_V1.10.0/Drivers/STM32H7xx_HAL_Driver/Src/stm32h7xx_hal_mmc.c:4255:13:HAL_MMCEx_Write_DMADoubleBuf0CpltCallback	0	static
C:/Users/toussaij/STM32Cube/Repository/STM32Cube_FW_H7_V1.10.0/Drivers/STM32H7xx_HAL_Driver/Src/stm32h7xx_hal_mmc.c:4270:13:HAL_MMCEx_Write_DMADoubleBuf1CpltCallback	0	static
C:/Users/toussaij/STM32Cube/Repository/STM32Cube_FW_H7_V1.10.0/Drivers/STM32H7xx_HAL_Driver/Src/stm32h7xx_hal_mmc.c:1551:6:HAL_MMC_IRQHandler	32	static
