Archive member included to satisfy reference by file (symbol)

c:/st/stm32cubeide_1.10.1/stm32cubeide/plugins/com.st.stm32cube.ide.mcu.externaltools.gnu-tools-for-stm32.10.3-2021.10.win32_1.0.0.202111181127/tools/bin/../lib/gcc/arm-none-eabi/10.3.1/../../../../arm-none-eabi/lib/thumb/v7e-m+dp/hard\libc_nano.a(lib_a-exit.o)
                              c:/st/stm32cubeide_1.10.1/stm32cubeide/plugins/com.st.stm32cube.ide.mcu.externaltools.gnu-tools-for-stm32.10.3-2021.10.win32_1.0.0.202111181127/tools/bin/../lib/gcc/arm-none-eabi/10.3.1/../../../../arm-none-eabi/lib/thumb/v7e-m+dp/hard/crt0.o (exit)
c:/st/stm32cubeide_1.10.1/stm32cubeide/plugins/com.st.stm32cube.ide.mcu.externaltools.gnu-tools-for-stm32.10.3-2021.10.win32_1.0.0.202111181127/tools/bin/../lib/gcc/arm-none-eabi/10.3.1/../../../../arm-none-eabi/lib/thumb/v7e-m+dp/hard\libc_nano.a(lib_a-impure.o)
                              c:/st/stm32cubeide_1.10.1/stm32cubeide/plugins/com.st.stm32cube.ide.mcu.externaltools.gnu-tools-for-stm32.10.3-2021.10.win32_1.0.0.202111181127/tools/bin/../lib/gcc/arm-none-eabi/10.3.1/../../../../arm-none-eabi/lib/thumb/v7e-m+dp/hard\libc_nano.a(lib_a-exit.o) (_global_impure_ptr)
c:/st/stm32cubeide_1.10.1/stm32cubeide/plugins/com.st.stm32cube.ide.mcu.externaltools.gnu-tools-for-stm32.10.3-2021.10.win32_1.0.0.202111181127/tools/bin/../lib/gcc/arm-none-eabi/10.3.1/../../../../arm-none-eabi/lib/thumb/v7e-m+dp/hard\libc_nano.a(lib_a-init.o)
                              c:/st/stm32cubeide_1.10.1/stm32cubeide/plugins/com.st.stm32cube.ide.mcu.externaltools.gnu-tools-for-stm32.10.3-2021.10.win32_1.0.0.202111181127/tools/bin/../lib/gcc/arm-none-eabi/10.3.1/../../../../arm-none-eabi/lib/thumb/v7e-m+dp/hard/crt0.o (__libc_init_array)
c:/st/stm32cubeide_1.10.1/stm32cubeide/plugins/com.st.stm32cube.ide.mcu.externaltools.gnu-tools-for-stm32.10.3-2021.10.win32_1.0.0.202111181127/tools/bin/../lib/gcc/arm-none-eabi/10.3.1/../../../../arm-none-eabi/lib/thumb/v7e-m+dp/hard\libc_nano.a(lib_a-memset.o)
                              c:/st/stm32cubeide_1.10.1/stm32cubeide/plugins/com.st.stm32cube.ide.mcu.externaltools.gnu-tools-for-stm32.10.3-2021.10.win32_1.0.0.202111181127/tools/bin/../lib/gcc/arm-none-eabi/10.3.1/../../../../arm-none-eabi/lib/thumb/v7e-m+dp/hard/crt0.o (memset)
c:/st/stm32cubeide_1.10.1/stm32cubeide/plugins/com.st.stm32cube.ide.mcu.externaltools.gnu-tools-for-stm32.10.3-2021.10.win32_1.0.0.202111181127/tools/bin/../lib/gcc/arm-none-eabi/10.3.1/thumb/v7e-m+dp/hard\libgcc.a(_aeabi_ldivmod.o)
                              ./Drivers/STM32H7xx_HAL_Driver/stm32h7xx_hal_uart.o (__aeabi_ldivmod)
c:/st/stm32cubeide_1.10.1/stm32cubeide/plugins/com.st.stm32cube.ide.mcu.externaltools.gnu-tools-for-stm32.10.3-2021.10.win32_1.0.0.202111181127/tools/bin/../lib/gcc/arm-none-eabi/10.3.1/thumb/v7e-m+dp/hard\libgcc.a(_aeabi_uldivmod.o)
                              ./Drivers/STM32H7xx_HAL_Driver/stm32h7xx_hal_uart.o (__aeabi_uldivmod)
c:/st/stm32cubeide_1.10.1/stm32cubeide/plugins/com.st.stm32cube.ide.mcu.externaltools.gnu-tools-for-stm32.10.3-2021.10.win32_1.0.0.202111181127/tools/bin/../lib/gcc/arm-none-eabi/10.3.1/thumb/v7e-m+dp/hard\libgcc.a(_udivmoddi4.o)
                              c:/st/stm32cubeide_1.10.1/stm32cubeide/plugins/com.st.stm32cube.ide.mcu.externaltools.gnu-tools-for-stm32.10.3-2021.10.win32_1.0.0.202111181127/tools/bin/../lib/gcc/arm-none-eabi/10.3.1/thumb/v7e-m+dp/hard\libgcc.a(_aeabi_ldivmod.o) (__udivmoddi4)
c:/st/stm32cubeide_1.10.1/stm32cubeide/plugins/com.st.stm32cube.ide.mcu.externaltools.gnu-tools-for-stm32.10.3-2021.10.win32_1.0.0.202111181127/tools/bin/../lib/gcc/arm-none-eabi/10.3.1/thumb/v7e-m+dp/hard\libgcc.a(_dvmd_tls.o)
                              c:/st/stm32cubeide_1.10.1/stm32cubeide/plugins/com.st.stm32cube.ide.mcu.externaltools.gnu-tools-for-stm32.10.3-2021.10.win32_1.0.0.202111181127/tools/bin/../lib/gcc/arm-none-eabi/10.3.1/thumb/v7e-m+dp/hard\libgcc.a(_aeabi_ldivmod.o) (__aeabi_ldiv0)
c:/st/stm32cubeide_1.10.1/stm32cubeide/plugins/com.st.stm32cube.ide.mcu.externaltools.gnu-tools-for-stm32.10.3-2021.10.win32_1.0.0.202111181127/tools/bin/../lib/gcc/arm-none-eabi/10.3.1/../../../../arm-none-eabi/lib/thumb/v7e-m+dp/hard\libnosys.a(_exit.o)
                              c:/st/stm32cubeide_1.10.1/stm32cubeide/plugins/com.st.stm32cube.ide.mcu.externaltools.gnu-tools-for-stm32.10.3-2021.10.win32_1.0.0.202111181127/tools/bin/../lib/gcc/arm-none-eabi/10.3.1/../../../../arm-none-eabi/lib/thumb/v7e-m+dp/hard\libc_nano.a(lib_a-exit.o) (_exit)

Discarded input sections

 .text          0x0000000000000000        0x0 c:/st/stm32cubeide_1.10.1/stm32cubeide/plugins/com.st.stm32cube.ide.mcu.externaltools.gnu-tools-for-stm32.10.3-2021.10.win32_1.0.0.202111181127/tools/bin/../lib/gcc/arm-none-eabi/10.3.1/thumb/v7e-m+dp/hard/crti.o
[...]
Memory Configuration

Name             Origin             Length             Attributes
FLASH            0x0000000008000000 0x0000000000020000 xr
RAM              0x0000000020000000 0x0000000000020000 xrw
ITCMRAM          0x0000000000000000 0x0000000000010000 xrw
*default*        0x0000000000000000 0xffffffffffffffff

Linker script and memory map

LOAD c:/st/stm32cubeide_1.10.1/stm32cubeide/plugins/com.st.stm32cube.ide.mcu.externaltools.gnu-tools-for-stm32.10.3-2021.10.win32_1.0.0.202111181127/tools/bin/../lib/gcc/arm-none-eabi/10.3.1/thumb/v7e-m+dp/hard/crti.o
LOAD c:/st/stm32cubeide_1.10.1/stm32cubeide/plugins/com.st.stm32cube.ide.mcu.externaltools.gnu-tools-for-stm32.10.3-2021.10.win32_1.0.0.202111181127/tools/bin/../lib/gcc/arm-none-eabi/10.3.1/thumb/v7e-m+dp/hard/crtbegin.o
LOAD c:/st/stm32cubeide_1.10.1/stm32cubeide/plugins/com.st.stm32cube.ide.mcu.externaltools.gnu-tools-for-stm32.10.3-2021.10.win32_1.0.0.202111181127/tools/bin/../lib/gcc/arm-none-eabi/10.3.1/../../../../arm-none-eabi/lib/thumb/v7e-m+dp/hard/crt0.o
LOAD ./Application/SW4STM32/startup_stm32h750xx.o
LOAD ./Application/User/fmc.o
LOAD ./Application/User/main.o
LOAD ./Application/User/memory_msp.o
LOAD ./Application/User/mmc.o
LOAD ./Application/User/qspi.o
LOAD ./Application/User/stm32h7xx_it.o
LOAD ./Drivers/CMSIS/system_stm32h7xx.o
LOAD ./Drivers/STM32H7xx_HAL_Driver/stm32h7xx_hal.o
LOAD ./Drivers/STM32H7xx_HAL_Driver/stm32h7xx_hal_adc.o
LOAD ./Drivers/STM32H7xx_HAL_Driver/stm32h7xx_hal_adc_ex.o
LOAD ./Drivers/STM32H7xx_HAL_Driver/stm32h7xx_hal_cortex.o
LOAD ./Drivers/STM32H7xx_HAL_Driver/stm32h7xx_hal_dfsdm.o
LOAD ./Drivers/STM32H7xx_HAL_Driver/stm32h7xx_hal_dma.o
LOAD ./Drivers/STM32H7xx_HAL_Driver/stm32h7xx_hal_dma2d.o
LOAD ./Drivers/STM32H7xx_HAL_Driver/stm32h7xx_hal_dma_ex.o
LOAD ./Drivers/STM32H7xx_HAL_Driver/stm32h7xx_hal_flash.o
LOAD ./Drivers/STM32H7xx_HAL_Driver/stm32h7xx_hal_flash_ex.o
LOAD ./Drivers/STM32H7xx_HAL_Driver/stm32h7xx_hal_gpio.o
LOAD ./Drivers/STM32H7xx_HAL_Driver/stm32h7xx_hal_i2c.o
LOAD ./Drivers/STM32H7xx_HAL_Driver/stm32h7xx_hal_i2c_ex.o
LOAD ./Drivers/STM32H7xx_HAL_Driver/stm32h7xx_hal_ltdc.o
LOAD ./Drivers/STM32H7xx_HAL_Driver/stm32h7xx_hal_mdma.o
LOAD ./Drivers/STM32H7xx_HAL_Driver/stm32h7xx_hal_mmc.o
LOAD ./Drivers/STM32H7xx_HAL_Driver/stm32h7xx_hal_mmc_ex.o
LOAD ./Drivers/STM32H7xx_HAL_Driver/stm32h7xx_hal_nor.o
LOAD ./Drivers/STM32H7xx_HAL_Driver/stm32h7xx_hal_pwr.o
LOAD ./Drivers/STM32H7xx_HAL_Driver/stm32h7xx_hal_pwr_ex.o
LOAD ./Drivers/STM32H7xx_HAL_Driver/stm32h7xx_hal_qspi.o
LOAD ./Drivers/STM32H7xx_HAL_Driver/stm32h7xx_hal_rcc.o
LOAD ./Drivers/STM32H7xx_HAL_Driver/stm32h7xx_hal_rcc_ex.o
LOAD ./Drivers/STM32H7xx_HAL_Driver/stm32h7xx_hal_sai.o
LOAD ./Drivers/STM32H7xx_HAL_Driver/stm32h7xx_hal_sai_ex.o
LOAD ./Drivers/STM32H7xx_HAL_Driver/stm32h7xx_hal_sd.o
LOAD ./Drivers/STM32H7xx_HAL_Driver/stm32h7xx_hal_sd_ex.o
LOAD ./Drivers/STM32H7xx_HAL_Driver/stm32h7xx_hal_sdram.o
LOAD ./Drivers/STM32H7xx_HAL_Driver/stm32h7xx_hal_sram.o
LOAD ./Drivers/STM32H7xx_HAL_Driver/stm32h7xx_hal_tim.o
LOAD ./Drivers/STM32H7xx_HAL_Driver/stm32h7xx_hal_tim_ex.o
LOAD ./Drivers/STM32H7xx_HAL_Driver/stm32h7xx_hal_uart.o
LOAD ./Drivers/STM32H7xx_HAL_Driver/stm32h7xx_hal_uart_ex.o
LOAD ./Drivers/STM32H7xx_HAL_Driver/stm32h7xx_hal_usart.o
LOAD ./Drivers/STM32H7xx_HAL_Driver/stm32h7xx_hal_usart_ex.o
LOAD ./Drivers/STM32H7xx_HAL_Driver/stm32h7xx_ll_delayblock.o
LOAD ./Drivers/STM32H7xx_HAL_Driver/stm32h7xx_ll_fmc.o
LOAD ./Drivers/STM32H7xx_HAL_Driver/stm32h7xx_ll_sdmmc.o
START GROUP
LOAD c:/st/stm32cubeide_1.10.1/stm32cubeide/plugins/com.st.stm32cube.ide.mcu.externaltools.gnu-tools-for-stm32.10.3-2021.10.win32_1.0.0.202111181127/tools/bin/../lib/gcc/arm-none-eabi/10.3.1/../../../../arm-none-eabi/lib/thumb/v7e-m+dp/hard\libc_nano.a
LOAD c:/st/stm32cubeide_1.10.1/stm32cubeide/plugins/com.st.stm32cube.ide.mcu.externaltools.gnu-tools-for-stm32.10.3-2021.10.win32_1.0.0.202111181127/tools/bin/../lib/gcc/arm-none-eabi/10.3.1/../../../../arm-none-eabi/lib/thumb/v7e-m+dp/hard\libm.a
END GROUP
START GROUP
LOAD c:/st/stm32cubeide_1.10.1/stm32cubeide/plugins/com.st.stm32cube.ide.mcu.externaltools.gnu-tools-for-stm32.10.3-2021.10.win32_1.0.0.202111181127/tools/bin/../lib/gcc/arm-none-eabi/10.3.1/thumb/v7e-m+dp/hard\libgcc.a
LOAD c:/st/stm32cubeide_1.10.1/stm32cubeide/plugins/com.st.stm32cube.ide.mcu.externaltools.gnu-tools-for-stm32.10.3-2021.10.win32_1.0.0.202111181127/tools/bin/../lib/gcc/arm-none-eabi/10.3.1/../../../../arm-none-eabi/lib/thumb/v7e-m+dp/hard\libc_nano.a
END GROUP
START GROUP
LOAD c:/st/stm32cubeide_1.10.1/stm32cubeide/plugins/com.st.stm32cube.ide.mcu.externaltools.gnu-tools-for-stm32.10.3-2021.10.win32_1.0.0.202111181127/tools/bin/../lib/gcc/arm-none-eabi/10.3.1/thumb/v7e-m+dp/hard\libgcc.a
LOAD c:/st/stm32cubeide_1.10.1/stm32cubeide/plugins/com.st.stm32cube.ide.mcu.externaltools.gnu-tools-for-stm32.10.3-2021.10.win32_1.0.0.202111181127/tools/bin/../lib/gcc/arm-none-eabi/10.3.1/../../../../arm-none-eabi/lib/thumb/v7e-m+dp/hard\libc_nano.a
LOAD c:/st/stm32cubeide_1.10.1/stm32cubeide/plugins/com.st.stm32cube.ide.mcu.externaltools.gnu-tools-for-stm32.10.3-2021.10.win32_1.0.0.202111181127/tools/bin/../lib/gcc/arm-none-eabi/10.3.1/../../../../arm-none-eabi/lib/thumb/v7e-m+dp/hard\libnosys.a
END GROUP
START GROUP
LOAD c:/st/stm32cubeide_1.10.1/stm32cubeide/plugins/com.st.stm32cube.ide.mcu.externaltools.gnu-tools-for-stm32.10.3-2021.10.win32_1.0.0.202111181127/tools/bin/../lib/gcc/arm-none-eabi/10.3.1/thumb/v7e-m+dp/hard\libgcc.a
LOAD c:/st/stm32cubeide_1.10.1/stm32cubeide/plugins/com.st.stm32cube.ide.mcu.externaltools.gnu-tools-for-stm32.10.3-2021.10.win32_1.0.0.202111181127/tools/bin/../lib/gcc/arm-none-eabi/10.3.1/../../../../arm-none-eabi/lib/thumb/v7e-m+dp/hard\libc_nano.a
LOAD c:/st/stm32cubeide_1.10.1/stm32cubeide/plugins/com.st.stm32cube.ide.mcu.externaltools.gnu-tools-for-stm32.10.3-2021.10.win32_1.0.0.202111181127/tools/bin/../lib/gcc/arm-none-eabi/10.3.1/../../../../arm-none-eabi/lib/thumb/v7e-m+dp/hard\libnosys.a
END GROUP
LOAD c:/st/stm32cubeide_1.10.1/stm32cubeide/plugins/com.st.stm32cube.ide.mcu.externaltools.gnu-tools-for-stm32.10.3-2021.10.win32_1.0.0.202111181127/tools/bin/../lib/gcc/arm-none-eabi/10.3.1/thumb/v7e-m+dp/hard/crtend.o
LOAD c:/st/stm32cubeide_1.10.1/stm32cubeide/plugins/com.st.stm32cube.ide.mcu.externaltools.gnu-tools-for-stm32.10.3-2021.10.win32_1.0.0.202111181127/tools/bin/../lib/gcc/arm-none-eabi/10.3.1/thumb/v7e-m+dp/hard/crtn.o
                0x0000000020020000                _estack = 0x20020000
                0x0000000000001000                _Min_Heap_Size = 0x1000
                0x0000000000001000                _Min_Stack_Size = 0x1000

.isr_vector     0x0000000008000000      0x298
                0x0000000008000000                . = ALIGN (0x4)
 *(.isr_vector)
 .isr_vector    0x0000000008000000      0x298 ./Application/SW4STM32/startup_stm32h750xx.o
                0x0000000008000000                g_pfnVectors
                0x0000000008000298                . = ALIGN (0x4)

.text           0x0000000008000298     0x1ad8
                0x0000000008000298                . = ALIGN (0x4)
 *(.text)
 .text          0x0000000008000298       0x40 c:/st/stm32cubeide_1.10.1/stm32cubeide/plugins/com.st.stm32cube.ide.mcu.externaltools.gnu-tools-for-stm32.10.3-2021.10.win32_1.0.0.202111181127/tools/bin/../lib/gcc/arm-none-eabi/10.3.1/thumb/v7e-m+dp/hard/crtbegin.o
 *(.text*)
 .text.Reset_Handler
                0x00000000080002d8       0x50 ./Application/SW4STM32/startup_stm32h750xx.o
                0x00000000080002d8                Reset_Handler
 .text.Default_Handler
                0x0000000008000328        0x2 ./Application/SW4STM32/startup_stm32h750xx.o
                0x0000000008000328                RTC_Alarm_IRQHandler
                0x0000000008000328                HASH_RNG_IRQHandler
                0x0000000008000328                EXTI2_IRQHandler
                0x0000000008000328                TIM8_CC_IRQHandler
                0x0000000008000328                HRTIM1_Master_IRQHandler
                0x0000000008000328                UART8_IRQHandler
                0x0000000008000328                SPI4_IRQHandler
                0x0000000008000328                TIM1_CC_IRQHandler
                0x0000000008000328                BDMA_Channel6_IRQHandler
                0x0000000008000328                DMA2_Stream5_IRQHandler
                0x0000000008000328                HRTIM1_FLT_IRQHandler
                0x0000000008000328                JPEG_IRQHandler
                0x0000000008000328                DMA1_Stream5_IRQHandler
                0x0000000008000328                BDMA_Channel1_IRQHandler
                0x0000000008000328                HRTIM1_TIMD_IRQHandler
                0x0000000008000328                TAMP_STAMP_IRQHandler
                0x0000000008000328                EXTI3_IRQHandler
                0x0000000008000328                LPTIM4_IRQHandler
                0x0000000008000328                TIM8_TRG_COM_TIM14_IRQHandler
                0x0000000008000328                LPTIM2_IRQHandler
                0x0000000008000328                DFSDM1_FLT1_IRQHandler
                0x0000000008000328                DMAMUX2_OVR_IRQHandler
                0x0000000008000328                TIM8_UP_TIM13_IRQHandler
                0x0000000008000328                I2C3_ER_IRQHandler
                0x0000000008000328                DFSDM1_FLT2_IRQHandler
                0x0000000008000328                MDMA_IRQHandler
                0x0000000008000328                LPTIM3_IRQHandler
                0x0000000008000328                HSEM1_IRQHandler
                0x0000000008000328                EXTI0_IRQHandler
                0x0000000008000328                I2C2_EV_IRQHandler
                0x0000000008000328                DMA1_Stream2_IRQHandler
                0x0000000008000328                FPU_IRQHandler
                0x0000000008000328                OTG_HS_WKUP_IRQHandler
                0x0000000008000328                FDCAN1_IT1_IRQHandler
                0x0000000008000328                LTDC_ER_IRQHandler
                0x0000000008000328                DMA2_Stream2_IRQHandler
                0x0000000008000328                HRTIM1_TIME_IRQHandler
                0x0000000008000328                SPI1_IRQHandler
                0x0000000008000328                TIM6_DAC_IRQHandler
                0x0000000008000328                DCMI_IRQHandler
                0x0000000008000328                HRTIM1_TIMC_IRQHandler
                0x0000000008000328                DMA2_Stream3_IRQHandler
                0x0000000008000328                SAI2_IRQHandler
                0x0000000008000328                DFSDM1_FLT3_IRQHandler
                0x0000000008000328                USART6_IRQHandler
                0x0000000008000328                TIM17_IRQHandler
                0x0000000008000328                USART3_IRQHandler
                0x0000000008000328                BDMA_Channel7_IRQHandler
                0x0000000008000328                CRYP_IRQHandler
                0x0000000008000328                LPTIM5_IRQHandler
                0x0000000008000328                UART5_IRQHandler
                0x0000000008000328                ADC3_IRQHandler
                0x0000000008000328                DMA2_Stream0_IRQHandler
                0x0000000008000328                TIM4_IRQHandler
                0x0000000008000328                BDMA_Channel2_IRQHandler
                0x0000000008000328                QUADSPI_IRQHandler
                0x0000000008000328                I2C1_EV_IRQHandler
                0x0000000008000328                DMA1_Stream6_IRQHandler
                0x0000000008000328                DMAMUX1_OVR_IRQHandler
                0x0000000008000328                DMA1_Stream1_IRQHandler
                0x0000000008000328                TIM16_IRQHandler
                0x0000000008000328                UART4_IRQHandler
                0x0000000008000328                BDMA_Channel5_IRQHandler
                0x0000000008000328                TIM3_IRQHandler
                0x0000000008000328                RCC_IRQHandler
                0x0000000008000328                TIM8_BRK_TIM12_IRQHandler
                0x0000000008000328                TIM1_TRG_COM_IRQHandler
                0x0000000008000328                Default_Handler
                0x0000000008000328                ECC_IRQHandler
                0x0000000008000328                CEC_IRQHandler
                0x0000000008000328                EXTI15_10_IRQHandler
                0x0000000008000328                BDMA_Channel0_IRQHandler
                0x0000000008000328                ADC_IRQHandler
                0x0000000008000328                DMA1_Stream7_IRQHandler
                0x0000000008000328                HRTIM1_TIMA_IRQHandler
                0x0000000008000328                SPI5_IRQHandler
                0x0000000008000328                TIM7_IRQHandler
                0x0000000008000328                SDMMC1_IRQHandler
                0x0000000008000328                TIM5_IRQHandler
                0x0000000008000328                DMA2_Stream7_IRQHandler
                0x0000000008000328                TIM15_IRQHandler
                0x0000000008000328                PVD_AVD_IRQHandler
                0x0000000008000328                I2C3_EV_IRQHandler
                0x0000000008000328                EXTI9_5_IRQHandler
                0x0000000008000328                RTC_WKUP_IRQHandler
                0x0000000008000328                LTDC_IRQHandler
                0x0000000008000328                SAI3_IRQHandler
                0x0000000008000328                ETH_WKUP_IRQHandler
                0x0000000008000328                SPDIF_RX_IRQHandler
                0x0000000008000328                SPI2_IRQHandler
                0x0000000008000328                OTG_HS_EP1_IN_IRQHandler
                0x0000000008000328                DMA1_Stream0_IRQHandler
                0x0000000008000328                CRS_IRQHandler
                0x0000000008000328                EXTI4_IRQHandler
                0x0000000008000328                HRTIM1_TIMB_IRQHandler
                0x0000000008000328                FDCAN2_IT1_IRQHandler
                0x0000000008000328                ETH_IRQHandler
                0x0000000008000328                TIM1_UP_IRQHandler
                0x0000000008000328                BDMA_Channel4_IRQHandler
                0x0000000008000328                OTG_HS_EP1_OUT_IRQHandler
                0x0000000008000328                WWDG_IRQHandler
                0x0000000008000328                SPI6_IRQHandler
                0x0000000008000328                MDIOS_IRQHandler
                0x0000000008000328                I2C4_EV_IRQHandler
                0x0000000008000328                FDCAN2_IT0_IRQHandler
                0x0000000008000328                LPUART1_IRQHandler
                0x0000000008000328                FDCAN1_IT0_IRQHandler
                0x0000000008000328                TIM2_IRQHandler
                0x0000000008000328                OTG_FS_WKUP_IRQHandler
                0x0000000008000328                OTG_HS_IRQHandler
                0x0000000008000328                DMA2D_IRQHandler
                0x0000000008000328                TIM1_BRK_IRQHandler
                0x0000000008000328                EXTI1_IRQHandler
                0x0000000008000328                SDMMC2_IRQHandler
                0x0000000008000328                OTG_FS_EP1_OUT_IRQHandler
                0x0000000008000328                BDMA_Channel3_IRQHandler
                0x0000000008000328                UART7_IRQHandler
                0x0000000008000328                MDIOS_WKUP_IRQHandler
                0x0000000008000328                USART2_IRQHandler
                0x0000000008000328                DFSDM1_FLT0_IRQHandler
                0x0000000008000328                SAI4_IRQHandler
                0x0000000008000328                I2C2_ER_IRQHandler
                0x0000000008000328                DMA2_Stream1_IRQHandler
                0x0000000008000328                FLASH_IRQHandler
                0x0000000008000328                DMA2_Stream4_IRQHandler
                0x0000000008000328                USART1_IRQHandler
                0x0000000008000328                OTG_FS_IRQHandler
                0x0000000008000328                SPI3_IRQHandler
                0x0000000008000328                WAKEUP_PIN_IRQHandler
                0x0000000008000328                DMA1_Stream4_IRQHandler
                0x0000000008000328                OTG_FS_EP1_IN_IRQHandler
                0x0000000008000328                I2C1_ER_IRQHandler
                0x0000000008000328                FMC_IRQHandler
                0x0000000008000328                FDCAN_CAL_IRQHandler
                0x0000000008000328                SWPMI1_IRQHandler
                0x0000000008000328                COMP1_IRQHandler
                0x0000000008000328                LPTIM1_IRQHandler
                0x0000000008000328                I2C4_ER_IRQHandler
                0x0000000008000328                DMA2_Stream6_IRQHandler
                0x0000000008000328                SAI1_IRQHandler
                0x0000000008000328                DMA1_Stream3_IRQHandler
 *fill*         0x000000000800032a        0x2 
 .text.startup.main
                0x000000000800032c      0x1fc ./Application/User/main.o
                0x000000000800032c                main
 .text.QSPI_MspInit
                0x0000000008000528      0x204 ./Application/User/memory_msp.o
                0x0000000008000528                QSPI_MspInit
 .text.QSPI_AutoPollingMemReady.constprop.0
                0x000000000800072c       0x58 ./Application/User/qspi.o
 .text.QSPI_WriteEnable.constprop.0
                0x0000000008000784       0x70 ./Application/User/qspi.o
 .text.QSPI_Startup
                0x00000000080007f4      0x1f4 ./Application/User/qspi.o
                0x00000000080007f4                QSPI_Startup
 .text.NMI_Handler
                0x00000000080009e8        0x2 ./Application/User/stm32h7xx_it.o
                0x00000000080009e8                NMI_Handler
 .text.HardFault_Handler
                0x00000000080009ea        0x2 ./Application/User/stm32h7xx_it.o
                0x00000000080009ea                HardFault_Handler
 .text.MemManage_Handler
                0x00000000080009ec        0x2 ./Application/User/stm32h7xx_it.o
                0x00000000080009ec                MemManage_Handler
 .text.BusFault_Handler
                0x00000000080009ee        0x2 ./Application/User/stm32h7xx_it.o
                0x00000000080009ee                BusFault_Handler
 .text.UsageFault_Handler
                0x00000000080009f0        0x2 ./Application/User/stm32h7xx_it.o
                0x00000000080009f0                UsageFault_Handler
 .text.SVC_Handler
                0x00000000080009f2        0x2 ./Application/User/stm32h7xx_it.o
                0x00000000080009f2                SVC_Handler
 .text.DebugMon_Handler
                0x00000000080009f4        0x2 ./Application/User/stm32h7xx_it.o
                0x00000000080009f4                DebugMon_Handler
 .text.PendSV_Handler
                0x00000000080009f6        0x2 ./Application/User/stm32h7xx_it.o
                0x00000000080009f6                PendSV_Handler
 .text.SysTick_Handler
                0x00000000080009f8        0x4 ./Application/User/stm32h7xx_it.o
                0x00000000080009f8                SysTick_Handler
 .text.SystemInit
                0x00000000080009fc       0x84 ./Drivers/CMSIS/system_stm32h7xx.o
                0x00000000080009fc                SystemInit
 .text.HAL_MspInit
                0x0000000008000a80        0x2 ./Drivers/STM32H7xx_HAL_Driver/stm32h7xx_hal.o
                0x0000000008000a80                HAL_MspInit
 *fill*         0x0000000008000a82        0x2 
 .text.HAL_InitTick
                0x0000000008000a84       0x48 ./Drivers/STM32H7xx_HAL_Driver/stm32h7xx_hal.o
                0x0000000008000a84                HAL_InitTick
 .text.HAL_Init
                0x0000000008000acc       0x5c ./Drivers/STM32H7xx_HAL_Driver/stm32h7xx_hal.o
                0x0000000008000acc                HAL_Init
 .text.HAL_IncTick
                0x0000000008000b28       0x18 ./Drivers/STM32H7xx_HAL_Driver/stm32h7xx_hal.o
                0x0000000008000b28                HAL_IncTick
 .text.HAL_GetTick
                0x0000000008000b40        0xc ./Drivers/STM32H7xx_HAL_Driver/stm32h7xx_hal.o
                0x0000000008000b40                HAL_GetTick
 .text.HAL_GetREVID
                0x0000000008000b4c        0xc ./Drivers/STM32H7xx_HAL_Driver/stm32h7xx_hal.o
                0x0000000008000b4c                HAL_GetREVID
 .text.HAL_NVIC_SetPriorityGrouping
                0x0000000008000b58       0x24 ./Drivers/STM32H7xx_HAL_Driver/stm32h7xx_hal_cortex.o
                0x0000000008000b58                HAL_NVIC_SetPriorityGrouping
 .text.HAL_NVIC_SetPriority
                0x0000000008000b7c       0x64 ./Drivers/STM32H7xx_HAL_Driver/stm32h7xx_hal_cortex.o
                0x0000000008000b7c                HAL_NVIC_SetPriority
 .text.HAL_NVIC_EnableIRQ
                0x0000000008000be0       0x1c ./Drivers/STM32H7xx_HAL_Driver/stm32h7xx_hal_cortex.o
                0x0000000008000be0                HAL_NVIC_EnableIRQ
 .text.HAL_SYSTICK_Config
                0x0000000008000bfc       0x28 ./Drivers/STM32H7xx_HAL_Driver/stm32h7xx_hal_cortex.o
                0x0000000008000bfc                HAL_SYSTICK_Config
 .text.HAL_MPU_Disable
                0x0000000008000c24       0x1c ./Drivers/STM32H7xx_HAL_Driver/stm32h7xx_hal_cortex.o
                0x0000000008000c24                HAL_MPU_Disable
 .text.HAL_MPU_Enable
                0x0000000008000c40       0x20 ./Drivers/STM32H7xx_HAL_Driver/stm32h7xx_hal_cortex.o
                0x0000000008000c40                HAL_MPU_Enable
 .text.HAL_MPU_ConfigRegion
                0x0000000008000c60       0x58 ./Drivers/STM32H7xx_HAL_Driver/stm32h7xx_hal_cortex.o
                0x0000000008000c60                HAL_MPU_ConfigRegion
 .text.HAL_GPIO_Init
                0x0000000008000cb8      0x1d8 ./Drivers/STM32H7xx_HAL_Driver/stm32h7xx_hal_gpio.o
                0x0000000008000cb8                HAL_GPIO_Init
 .text.HAL_PWREx_ConfigSupply
                0x0000000008000e90       0x48 ./Drivers/STM32H7xx_HAL_Driver/stm32h7xx_hal_pwr_ex.o
                0x0000000008000e90                HAL_PWREx_ConfigSupply
 .text.QSPI_Config
                0x0000000008000ed8      0x160 ./Drivers/STM32H7xx_HAL_Driver/stm32h7xx_hal_qspi.o
 .text.QSPI_WaitFlagStateUntilTimeout
                0x0000000008001038       0x4e ./Drivers/STM32H7xx_HAL_Driver/stm32h7xx_hal_qspi.o
 .text.HAL_QSPI_MspInit
                0x0000000008001086        0x2 ./Drivers/STM32H7xx_HAL_Driver/stm32h7xx_hal_qspi.o
                0x0000000008001086                HAL_QSPI_MspInit
 .text.HAL_QSPI_Init
                0x0000000008001088       0x9c ./Drivers/STM32H7xx_HAL_Driver/stm32h7xx_hal_qspi.o
                0x0000000008001088                HAL_QSPI_Init
 .text.HAL_QSPI_MspDeInit
                0x0000000008001124        0x2 ./Drivers/STM32H7xx_HAL_Driver/stm32h7xx_hal_qspi.o
                0x0000000008001124                HAL_QSPI_MspDeInit
 .text.HAL_QSPI_DeInit
                0x0000000008001126       0x22 ./Drivers/STM32H7xx_HAL_Driver/stm32h7xx_hal_qspi.o
                0x0000000008001126                HAL_QSPI_DeInit
 .text.HAL_QSPI_Command
                0x0000000008001148       0x86 ./Drivers/STM32H7xx_HAL_Driver/stm32h7xx_hal_qspi.o
                0x0000000008001148                HAL_QSPI_Command
 .text.HAL_QSPI_Transmit
                0x00000000080011ce       0xb2 ./Drivers/STM32H7xx_HAL_Driver/stm32h7xx_hal_qspi.o
                0x00000000080011ce                HAL_QSPI_Transmit
 .text.HAL_QSPI_Receive
                0x0000000008001280       0xbe ./Drivers/STM32H7xx_HAL_Driver/stm32h7xx_hal_qspi.o
                0x0000000008001280                HAL_QSPI_Receive
 .text.HAL_QSPI_AutoPolling
                0x000000000800133e       0xa0 ./Drivers/STM32H7xx_HAL_Driver/stm32h7xx_hal_qspi.o
                0x000000000800133e                HAL_QSPI_AutoPolling
 .text.HAL_QSPI_MemoryMapped
                0x00000000080013de       0x82 ./Drivers/STM32H7xx_HAL_Driver/stm32h7xx_hal_qspi.o
                0x00000000080013de                HAL_QSPI_MemoryMapped
 .text.HAL_RCC_OscConfig
                0x0000000008001460      0x524 ./Drivers/STM32H7xx_HAL_Driver/stm32h7xx_hal_rcc.o
                0x0000000008001460                HAL_RCC_OscConfig
 .text.HAL_RCC_GetSysClockFreq
                0x0000000008001984      0x140 ./Drivers/STM32H7xx_HAL_Driver/stm32h7xx_hal_rcc.o
                0x0000000008001984                HAL_RCC_GetSysClockFreq
 .text.HAL_RCC_ClockConfig
                0x0000000008001ac4      0x24c ./Drivers/STM32H7xx_HAL_Driver/stm32h7xx_hal_rcc.o
                0x0000000008001ac4                HAL_RCC_ClockConfig
 .text.__libc_init_array
                0x0000000008001d10       0x48 c:/st/stm32cubeide_1.10.1/stm32cubeide/plugins/com.st.stm32cube.ide.mcu.externaltools.gnu-tools-for-stm32.10.3-2021.10.win32_1.0.0.202111181127/tools/bin/../lib/gcc/arm-none-eabi/10.3.1/../../../../arm-none-eabi/lib/thumb/v7e-m+dp/hard\libc_nano.a(lib_a-init.o)
                0x0000000008001d10                __libc_init_array
 *(.glue_7)
 .glue_7        0x0000000008001d58        0x0 linker stubs
 *(.glue_7t)
 .glue_7t       0x0000000008001d58        0x0 linker stubs
 *(.eh_frame)
 .eh_frame      0x0000000008001d58        0x0 c:/st/stm32cubeide_1.10.1/stm32cubeide/plugins/com.st.stm32cube.ide.mcu.externaltools.gnu-tools-for-stm32.10.3-2021.10.win32_1.0.0.202111181127/tools/bin/../lib/gcc/arm-none-eabi/10.3.1/thumb/v7e-m+dp/hard/crtbegin.o
 *(.init)
 .init          0x0000000008001d58        0x4 c:/st/stm32cubeide_1.10.1/stm32cubeide/plugins/com.st.stm32cube.ide.mcu.externaltools.gnu-tools-for-stm32.10.3-2021.10.win32_1.0.0.202111181127/tools/bin/../lib/gcc/arm-none-eabi/10.3.1/thumb/v7e-m+dp/hard/crti.o
                0x0000000008001d58                _init
 .init          0x0000000008001d5c        0x8 c:/st/stm32cubeide_1.10.1/stm32cubeide/plugins/com.st.stm32cube.ide.mcu.externaltools.gnu-tools-for-stm32.10.3-2021.10.win32_1.0.0.202111181127/tools/bin/../lib/gcc/arm-none-eabi/10.3.1/thumb/v7e-m+dp/hard/crtn.o
 *(.fini)
 .fini          0x0000000008001d64        0x4 c:/st/stm32cubeide_1.10.1/stm32cubeide/plugins/com.st.stm32cube.ide.mcu.externaltools.gnu-tools-for-stm32.10.3-2021.10.win32_1.0.0.202111181127/tools/bin/../lib/gcc/arm-none-eabi/10.3.1/thumb/v7e-m+dp/hard/crti.o
                0x0000000008001d64                _fini
 .fini          0x0000000008001d68        0x8 c:/st/stm32cubeide_1.10.1/stm32cubeide/plugins/com.st.stm32cube.ide.mcu.externaltools.gnu-tools-for-stm32.10.3-2021.10.win32_1.0.0.202111181127/tools/bin/../lib/gcc/arm-none-eabi/10.3.1/thumb/v7e-m+dp/hard/crtn.o
                0x0000000008001d70                . = ALIGN (0x4)
                0x0000000008001d70                _etext = .

.vfp11_veneer   0x0000000008001d70        0x0
 .vfp11_veneer  0x0000000008001d70        0x0 linker stubs

.v4_bx          0x0000000008001d70        0x0
 .v4_bx         0x0000000008001d70        0x0 linker stubs

.iplt           0x0000000008001d70        0x0
 .iplt          0x0000000008001d70        0x0 c:/st/stm32cubeide_1.10.1/stm32cubeide/plugins/com.st.stm32cube.ide.mcu.externaltools.gnu-tools-for-stm32.10.3-2021.10.win32_1.0.0.202111181127/tools/bin/../lib/gcc/arm-none-eabi/10.3.1/thumb/v7e-m+dp/hard/crtbegin.o

.rodata         0x0000000008001d70       0x10
                0x0000000008001d70                . = ALIGN (0x4)
 *(.rodata)
 .rodata        0x0000000008001d70       0x10 ./Drivers/CMSIS/system_stm32h7xx.o
                0x0000000008001d70                D1CorePrescTable
 *(.rodata*)
                0x0000000008001d80                . = ALIGN (0x4)

.rel.dyn        0x0000000008001d80        0x0
 .rel.iplt      0x0000000008001d80        0x0 c:/st/stm32cubeide_1.10.1/stm32cubeide/plugins/com.st.stm32cube.ide.mcu.externaltools.gnu-tools-for-stm32.10.3-2021.10.win32_1.0.0.202111181127/tools/bin/../lib/gcc/arm-none-eabi/10.3.1/thumb/v7e-m+dp/hard/crtbegin.o

.ARM.extab
 *(.ARM.extab* .gnu.linkonce.armextab.*)

.ARM            0x0000000008001d80        0x0
                0x0000000008001d80                __exidx_start = .
 *(.ARM.exidx*)
                0x0000000008001d80                __exidx_end = .

.preinit_array  0x0000000008001d80        0x0
                0x0000000008001d80                PROVIDE (__preinit_array_start = .)
 *(.preinit_array*)
                0x0000000008001d80                PROVIDE (__preinit_array_end = .)

.init_array     0x0000000008001d80        0x4
                0x0000000008001d80                PROVIDE (__init_array_start = .)
 *(SORT_BY_NAME(.init_array.*))
 *(.init_array*)
 .init_array    0x0000000008001d80        0x4 c:/st/stm32cubeide_1.10.1/stm32cubeide/plugins/com.st.stm32cube.ide.mcu.externaltools.gnu-tools-for-stm32.10.3-2021.10.win32_1.0.0.202111181127/tools/bin/../lib/gcc/arm-none-eabi/10.3.1/thumb/v7e-m+dp/hard/crtbegin.o
                0x0000000008001d84                PROVIDE (__init_array_end = .)

.fini_array     0x0000000008001d84        0x4
                [!provide]                        PROVIDE (__fini_array_start = .)
 *(SORT_BY_NAME(.fini_array.*))
 *(.fini_array*)
 .fini_array    0x0000000008001d84        0x4 c:/st/stm32cubeide_1.10.1/stm32cubeide/plugins/com.st.stm32cube.ide.mcu.externaltools.gnu-tools-for-stm32.10.3-2021.10.win32_1.0.0.202111181127/tools/bin/../lib/gcc/arm-none-eabi/10.3.1/thumb/v7e-m+dp/hard/crtbegin.o
                [!provide]                        PROVIDE (__fini_array_end = .)
                0x0000000008001d88                _sidata = LOADADDR (.data)

.data           0x0000000020000000       0x10 load address 0x0000000008001d88
                0x0000000020000000                . = ALIGN (0x4)
                0x0000000020000000                _sdata = .
 *(.data)
 .data          0x0000000020000000        0x8 ./Drivers/CMSIS/system_stm32h7xx.o
                0x0000000020000000                SystemCoreClock
                0x0000000020000004                SystemD2Clock
 .data          0x0000000020000008        0x8 ./Drivers/STM32H7xx_HAL_Driver/stm32h7xx_hal.o
                0x0000000020000008                uwTickFreq
                0x000000002000000c                uwTickPrio
 *(.data*)
                0x0000000020000010                . = ALIGN (0x4)
                0x0000000020000010                _edata = .

.igot.plt       0x0000000020000010        0x0 load address 0x0000000008001d98
 .igot.plt      0x0000000020000010        0x0 c:/st/stm32cubeide_1.10.1/stm32cubeide/plugins/com.st.stm32cube.ide.mcu.externaltools.gnu-tools-for-stm32.10.3-2021.10.win32_1.0.0.202111181127/tools/bin/../lib/gcc/arm-none-eabi/10.3.1/thumb/v7e-m+dp/hard/crtbegin.o
                0x0000000020000010                . = ALIGN (0x4)

.bss            0x0000000020000010       0x70 load address 0x0000000008001d98
                0x0000000020000010                _sbss = .
                0x0000000020000010                __bss_start__ = _sbss
 *(.bss)
 .bss           0x0000000020000010       0x1c c:/st/stm32cubeide_1.10.1/stm32cubeide/plugins/com.st.stm32cube.ide.mcu.externaltools.gnu-tools-for-stm32.10.3-2021.10.win32_1.0.0.202111181127/tools/bin/../lib/gcc/arm-none-eabi/10.3.1/thumb/v7e-m+dp/hard/crtbegin.o
 .bss           0x000000002000002c        0x4 ./Application/User/main.o
                0x000000002000002c                JumpToApplication
 .bss           0x0000000020000030       0x4c ./Application/User/qspi.o
                0x0000000020000030                QSPIHandle
 .bss           0x000000002000007c        0x4 ./Drivers/STM32H7xx_HAL_Driver/stm32h7xx_hal.o
                0x000000002000007c                uwTick
 *(.bss*)
 *(COMMON)
                0x0000000020000080                . = ALIGN (0x4)
                0x0000000020000080                _ebss = .
                0x0000000020000080                __bss_end__ = _ebss

._user_heap_stack
                0x0000000020000080     0x2000 load address 0x0000000008001d98
                0x0000000020000080                . = ALIGN (0x8)
                [!provide]                        PROVIDE (end = .)
                [!provide]                        PROVIDE (_end = .)
                0x0000000020001080                . = (. + _Min_Heap_Size)
 *fill*         0x0000000020000080     0x1000 
                0x0000000020002080                . = (. + _Min_Stack_Size)
 *fill*         0x0000000020001080     0x1000 
                0x0000000020002080                . = ALIGN (0x8)

/DISCARD/
 libc.a(*)
 libm.a(*)
 libgcc.a(*)

.ARM.attributes
                0x0000000000000000       0x2e
 *(.ARM.attributes)
 .ARM.attributes
                0x0000000000000000       0x1e c:/st/stm32cubeide_1.10.1/stm32cubeide/plugins/com.st.stm32cube.ide.mcu.externaltools.gnu-tools-for-stm32.10.3-2021.10.win32_1.0.0.202111181127/tools/bin/../lib/gcc/arm-none-eabi/10.3.1/thumb/v7e-m+dp/hard/crti.o
 .ARM.attributes
                0x000000000000001e       0x32 c:/st/stm32cubeide_1.10.1/stm32cubeide/plugins/com.st.stm32cube.ide.mcu.externaltools.gnu-tools-for-stm32.10.3-2021.10.win32_1.0.0.202111181127/tools/bin/../lib/gcc/arm-none-eabi/10.3.1/thumb/v7e-m+dp/hard/crtbegin.o
 .ARM.attributes
                0x0000000000000050       0x21 ./Application/SW4STM32/startup_stm32h750xx.o
 .ARM.attributes
                0x0000000000000071       0x32 ./Application/User/main.o
 .ARM.attributes
                0x00000000000000a3       0x32 ./Application/User/memory_msp.o
 .ARM.attributes
                0x00000000000000d5       0x32 ./Application/User/qspi.o
 .ARM.attributes
                0x0000000000000107       0x32 ./Application/User/stm32h7xx_it.o
 .ARM.attributes
                0x0000000000000139       0x32 ./Drivers/CMSIS/system_stm32h7xx.o
 .ARM.attributes
                0x000000000000016b       0x32 ./Drivers/STM32H7xx_HAL_Driver/stm32h7xx_hal.o
 .ARM.attributes
                0x000000000000019d       0x32 ./Drivers/STM32H7xx_HAL_Driver/stm32h7xx_hal_cortex.o
 .ARM.attributes
                0x00000000000001cf       0x32 ./Drivers/STM32H7xx_HAL_Driver/stm32h7xx_hal_gpio.o
 .ARM.attributes
                0x0000000000000201       0x32 ./Drivers/STM32H7xx_HAL_Driver/stm32h7xx_hal_pwr_ex.o
 .ARM.attributes
                0x0000000000000233       0x32 ./Drivers/STM32H7xx_HAL_Driver/stm32h7xx_hal_qspi.o
 .ARM.attributes
                0x0000000000000265       0x32 ./Drivers/STM32H7xx_HAL_Driver/stm32h7xx_hal_rcc.o
 .ARM.attributes
                0x0000000000000297       0x32 c:/st/stm32cubeide_1.10.1/stm32cubeide/plugins/com.st.stm32cube.ide.mcu.externaltools.gnu-tools-for-stm32.10.3-2021.10.win32_1.0.0.202111181127/tools/bin/../lib/gcc/arm-none-eabi/10.3.1/../../../../arm-none-eabi/lib/thumb/v7e-m+dp/hard\libc_nano.a(lib_a-init.o)
 .ARM.attributes
                0x00000000000002c9       0x1e c:/st/stm32cubeide_1.10.1/stm32cubeide/plugins/com.st.stm32cube.ide.mcu.externaltools.gnu-tools-for-stm32.10.3-2021.10.win32_1.0.0.202111181127/tools/bin/../lib/gcc/arm-none-eabi/10.3.1/thumb/v7e-m+dp/hard/crtn.o
OUTPUT(STM32H750B_DISCO.elf elf32-littlearm)
LOAD linker stubs
LOAD c:/st/stm32cubeide_1.10.1/stm32cubeide/plugins/com.st.stm32cube.ide.mcu.externaltools.gnu-tools-for-stm32.10.3-2021.10.win32_1.0.0.202111181127/tools/bin/../lib/gcc/arm-none-eabi/10.3.1/../../../../arm-none-eabi/lib/thumb/v7e-m+dp/hard\libc.a
LOAD c:/st/stm32cubeide_1.10.1/stm32cubeide/plugins/com.st.stm32cube.ide.mcu.externaltools.gnu-tools-for-stm32.10.3-2021.10.win32_1.0.0.202111181127/tools/bin/../lib/gcc/arm-none-eabi/10.3.1/../../../../arm-none-eabi/lib/thumb/v7e-m+dp/hard\libm.a
LOAD c:/st/stm32cubeide_1.10.1/stm32cubeide/plugins/com.st.stm32cube.ide.mcu.externaltools.gnu-tools-for-stm32.10.3-2021.10.win32_1.0.0.202111181127/tools/bin/../lib/gcc/arm-none-eabi/10.3.1/thumb/v7e-m+dp/hard\libgcc.a

.debug_line     0x0000000000000000     0xb995
 .debug_line    0x0000000000000000       0xe8 ./Application/SW4STM32/startup_stm32h750xx.o
 .debug_line    0x00000000000000e8      0xe56 ./Application/User/main.o
 .debug_line    0x0000000000000f3e      0xb8c ./Application/User/memory_msp.o
 .debug_line    0x0000000000001aca      0xeab ./Application/User/qspi.o
 .debug_line    0x0000000000002975      0xacd ./Application/User/stm32h7xx_it.o
 .debug_line    0x0000000000003442      0xc34 ./Drivers/CMSIS/system_stm32h7xx.o
 .debug_line    0x0000000000004076     0x112d ./Drivers/STM32H7xx_HAL_Driver/stm32h7xx_hal.o
 .debug_line    0x00000000000051a3     0x101c ./Drivers/STM32H7xx_HAL_Driver/stm32h7xx_hal_cortex.o
 .debug_line    0x00000000000061bf      0xf64 ./Drivers/STM32H7xx_HAL_Driver/stm32h7xx_hal_gpio.o
 .debug_line    0x0000000000007123     0x120b ./Drivers/STM32H7xx_HAL_Driver/stm32h7xx_hal_pwr_ex.o
 .debug_line    0x000000000000832e     0x1cbd ./Drivers/STM32H7xx_HAL_Driver/stm32h7xx_hal_qspi.o
 .debug_line    0x0000000000009feb     0x19aa ./Drivers/STM32H7xx_HAL_Driver/stm32h7xx_hal_rcc.o

.debug_info     0x0000000000000000     0xaf14
 .debug_info    0x0000000000000000       0x22 ./Application/SW4STM32/startup_stm32h750xx.o
 .debug_info    0x0000000000000022      0xfef ./Application/User/main.o
 .debug_info    0x0000000000001011      0xc2f ./Application/User/memory_msp.o
 .debug_info    0x0000000000001c40      0xff2 ./Application/User/qspi.o
 .debug_info    0x0000000000002c32      0x12d ./Application/User/stm32h7xx_it.o
 .debug_info    0x0000000000002d5f      0xa7a ./Drivers/CMSIS/system_stm32h7xx.o
 .debug_info    0x00000000000037d9     0x173d ./Drivers/STM32H7xx_HAL_Driver/stm32h7xx_hal.o
 .debug_info    0x0000000000004f16     0x13e4 ./Drivers/STM32H7xx_HAL_Driver/stm32h7xx_hal_cortex.o
 .debug_info    0x00000000000062fa      0xd66 ./Drivers/STM32H7xx_HAL_Driver/stm32h7xx_hal_gpio.o
 .debug_info    0x0000000000007060     0x1224 ./Drivers/STM32H7xx_HAL_Driver/stm32h7xx_hal_pwr_ex.o
 .debug_info    0x0000000000008284     0x19f1 ./Drivers/STM32H7xx_HAL_Driver/stm32h7xx_hal_qspi.o
 .debug_info    0x0000000000009c75     0x129f ./Drivers/STM32H7xx_HAL_Driver/stm32h7xx_hal_rcc.o

.debug_abbrev   0x0000000000000000     0x1b7a
 .debug_abbrev  0x0000000000000000       0x12 ./Application/SW4STM32/startup_stm32h750xx.o
 .debug_abbrev  0x0000000000000012      0x33a ./Application/User/main.o
 .debug_abbrev  0x000000000000034c      0x1a8 ./Application/User/memory_msp.o
 .debug_abbrev  0x00000000000004f4      0x2b1 ./Application/User/qspi.o
 .debug_abbrev  0x00000000000007a5       0xb8 ./Application/User/stm32h7xx_it.o
 .debug_abbrev  0x000000000000085d      0x13c ./Drivers/CMSIS/system_stm32h7xx.o
 .debug_abbrev  0x0000000000000999      0x310 ./Drivers/STM32H7xx_HAL_Driver/stm32h7xx_hal.o
 .debug_abbrev  0x0000000000000ca9      0x385 ./Drivers/STM32H7xx_HAL_Driver/stm32h7xx_hal_cortex.o
 .debug_abbrev  0x000000000000102e      0x23a ./Drivers/STM32H7xx_HAL_Driver/stm32h7xx_hal_gpio.o
 .debug_abbrev  0x0000000000001268      0x301 ./Drivers/STM32H7xx_HAL_Driver/stm32h7xx_hal_pwr_ex.o
 .debug_abbrev  0x0000000000001569      0x300 ./Drivers/STM32H7xx_HAL_Driver/stm32h7xx_hal_qspi.o
 .debug_abbrev  0x0000000000001869      0x311 ./Drivers/STM32H7xx_HAL_Driver/stm32h7xx_hal_rcc.o

.debug_aranges  0x0000000000000000      0x650
 .debug_aranges
                0x0000000000000000       0x28 ./Application/SW4STM32/startup_stm32h750xx.o
 .debug_aranges
                0x0000000000000028       0x20 ./Application/User/main.o
 .debug_aranges
                0x0000000000000048       0x20 ./Application/User/memory_msp.o
 .debug_aranges
                0x0000000000000068       0x30 ./Application/User/qspi.o
 .debug_aranges
                0x0000000000000098       0x48 ./Application/User/stm32h7xx_it.o
 .debug_aranges
                0x00000000000000e0       0x28 ./Drivers/CMSIS/system_stm32h7xx.o
 .debug_aranges
                0x0000000000000108      0x190 ./Drivers/STM32H7xx_HAL_Driver/stm32h7xx_hal.o
 .debug_aranges
                0x0000000000000298       0xb0 ./Drivers/STM32H7xx_HAL_Driver/stm32h7xx_hal_cortex.o
 .debug_aranges
                0x0000000000000348       0x58 ./Drivers/STM32H7xx_HAL_Driver/stm32h7xx_hal_gpio.o
 .debug_aranges
                0x00000000000003a0      0x128 ./Drivers/STM32H7xx_HAL_Driver/stm32h7xx_hal_pwr_ex.o
 .debug_aranges
                0x00000000000004c8      0x100 ./Drivers/STM32H7xx_HAL_Driver/stm32h7xx_hal_qspi.o
 .debug_aranges
                0x00000000000005c8       0x88 ./Drivers/STM32H7xx_HAL_Driver/stm32h7xx_hal_rcc.o

.debug_str      0x0000000000000000   0x17690c
 .debug_str     0x0000000000000000      0x125 ./Application/SW4STM32/startup_stm32h750xx.o
 .debug_str     0x0000000000000125   0x171e6b ./Application/User/main.o
                                     0x17258e (size before relaxing)
 .debug_str     0x0000000000171f90     0x1079 ./Application/User/memory_msp.o
                                     0x17306f (size before relaxing)
 .debug_str     0x0000000000173009     0x1a86 ./Application/User/qspi.o
                                     0x17402a (size before relaxing)
 .debug_str     0x0000000000174a8f      0x12d ./Application/User/stm32h7xx_it.o
                                     0x171ef9 (size before relaxing)
 .debug_str     0x0000000000174bbc      0x172 ./Drivers/CMSIS/system_stm32h7xx.o
                                     0x1722ac (size before relaxing)
 .debug_str     0x0000000000174d2e      0x83d ./Drivers/STM32H7xx_HAL_Driver/stm32h7xx_hal.o
                                     0x1732ca (size before relaxing)
 .debug_str     0x000000000017556b      0x2bb ./Drivers/STM32H7xx_HAL_Driver/stm32h7xx_hal_cortex.o
                                     0x172ccd (size before relaxing)
 .debug_str     0x0000000000175826      0x179 ./Drivers/STM32H7xx_HAL_Driver/stm32h7xx_hal_gpio.o
                                     0x17235c (size before relaxing)
 .debug_str     0x000000000017599f      0x66a ./Drivers/STM32H7xx_HAL_Driver/stm32h7xx_hal_pwr_ex.o
                                     0x17281d (size before relaxing)
 .debug_str     0x0000000000176009      0x569 ./Drivers/STM32H7xx_HAL_Driver/stm32h7xx_hal_qspi.o
                                     0x172ab6 (size before relaxing)
 .debug_str     0x0000000000176572      0x39a ./Drivers/STM32H7xx_HAL_Driver/stm32h7xx_hal_rcc.o
                                     0x172740 (size before relaxing)

.debug_ranges   0x0000000000000000      0x830
 .debug_ranges  0x0000000000000000       0x20 ./Application/SW4STM32/startup_stm32h750xx.o
 .debug_ranges  0x0000000000000020       0x88 ./Application/User/main.o
 .debug_ranges  0x00000000000000a8       0x60 ./Application/User/memory_msp.o
 .debug_ranges  0x0000000000000108       0x50 ./Application/User/qspi.o
 .debug_ranges  0x0000000000000158       0x38 ./Application/User/stm32h7xx_it.o
 .debug_ranges  0x0000000000000190       0x18 ./Drivers/CMSIS/system_stm32h7xx.o
 .debug_ranges  0x00000000000001a8      0x180 ./Drivers/STM32H7xx_HAL_Driver/stm32h7xx_hal.o
 .debug_ranges  0x0000000000000328      0x160 ./Drivers/STM32H7xx_HAL_Driver/stm32h7xx_hal_cortex.o
 .debug_ranges  0x0000000000000488       0x70 ./Drivers/STM32H7xx_HAL_Driver/stm32h7xx_hal_gpio.o
 .debug_ranges  0x00000000000004f8      0x148 ./Drivers/STM32H7xx_HAL_Driver/stm32h7xx_hal_pwr_ex.o
 .debug_ranges  0x0000000000000640      0x108 ./Drivers/STM32H7xx_HAL_Driver/stm32h7xx_hal_qspi.o
 .debug_ranges  0x0000000000000748       0xe8 ./Drivers/STM32H7xx_HAL_Driver/stm32h7xx_hal_rcc.o

.debug_loc      0x0000000000000000     0x3124
 .debug_loc     0x0000000000000000      0x121 ./Application/User/main.o
 .debug_loc     0x0000000000000121       0xcf ./Application/User/qspi.o
 .debug_loc     0x00000000000001f0      0x190 ./Drivers/CMSIS/system_stm32h7xx.o
 .debug_loc     0x0000000000000380      0x505 ./Drivers/STM32H7xx_HAL_Driver/stm32h7xx_hal.o
 .debug_loc     0x0000000000000885      0x653 ./Drivers/STM32H7xx_HAL_Driver/stm32h7xx_hal_cortex.o
 .debug_loc     0x0000000000000ed8      0x33e ./Drivers/STM32H7xx_HAL_Driver/stm32h7xx_hal_gpio.o
 .debug_loc     0x0000000000001216      0x4e1 ./Drivers/STM32H7xx_HAL_Driver/stm32h7xx_hal_pwr_ex.o
 .debug_loc     0x00000000000016f7     0x125b ./Drivers/STM32H7xx_HAL_Driver/stm32h7xx_hal_qspi.o
 .debug_loc     0x0000000000002952      0x7d2 ./Drivers/STM32H7xx_HAL_Driver/stm32h7xx_hal_rcc.o

.debug_macro    0x0000000000000000     0x285c
 .debug_macro   0x0000000000000000      0x359 ./Application/User/main.o
 .debug_macro   0x0000000000000359      0x35e ./Application/User/memory_msp.o
 .debug_macro   0x00000000000006b7      0x376 ./Application/User/qspi.o
 .debug_macro   0x0000000000000a2d       0x28 ./Application/User/qspi.o
 .debug_macro   0x0000000000000a55      0x357 ./Application/User/qspi.o
 .debug_macro   0x0000000000000dac      0x354 ./Application/User/stm32h7xx_it.o
 .debug_macro   0x0000000000001100      0x342 ./Drivers/CMSIS/system_stm32h7xx.o
 .debug_macro   0x0000000000001442      0x366 ./Drivers/STM32H7xx_HAL_Driver/stm32h7xx_hal.o
 .debug_macro   0x00000000000017a8      0x33c ./Drivers/STM32H7xx_HAL_Driver/stm32h7xx_hal_cortex.o
 .debug_macro   0x0000000000001ae4      0x343 ./Drivers/STM32H7xx_HAL_Driver/stm32h7xx_hal_gpio.o
 .debug_macro   0x0000000000001e27      0x375 ./Drivers/STM32H7xx_HAL_Driver/stm32h7xx_hal_pwr_ex.o
 .debug_macro   0x000000000000219c      0x360 ./Drivers/STM32H7xx_HAL_Driver/stm32h7xx_hal_qspi.o
 .debug_macro   0x00000000000024fc      0x360 ./Drivers/STM32H7xx_HAL_Driver/stm32h7xx_hal_rcc.o

.comment        0x0000000000000000       0x50
 .comment       0x0000000000000000       0x50 ./Application/User/main.o
                                         0x51 (size before relaxing)
 .comment       0x0000000000000050       0x51 ./Application/User/memory_msp.o
 .comment       0x0000000000000050       0x51 ./Application/User/qspi.o
 .comment       0x0000000000000050       0x51 ./Application/User/stm32h7xx_it.o
 .comment       0x0000000000000050       0x51 ./Drivers/CMSIS/system_stm32h7xx.o
 .comment       0x0000000000000050       0x51 ./Drivers/STM32H7xx_HAL_Driver/stm32h7xx_hal.o
 .comment       0x0000000000000050       0x51 ./Drivers/STM32H7xx_HAL_Driver/stm32h7xx_hal_cortex.o
 .comment       0x0000000000000050       0x51 ./Drivers/STM32H7xx_HAL_Driver/stm32h7xx_hal_gpio.o
 .comment       0x0000000000000050       0x51 ./Drivers/STM32H7xx_HAL_Driver/stm32h7xx_hal_pwr_ex.o
 .comment       0x0000000000000050       0x51 ./Drivers/STM32H7xx_HAL_Driver/stm32h7xx_hal_qspi.o
 .comment       0x0000000000000050       0x51 ./Drivers/STM32H7xx_HAL_Driver/stm32h7xx_hal_rcc.o

.debug_frame    0x0000000000000000      0xfd4
 .debug_frame   0x0000000000000000       0x2c ./Application/User/main.o
 .debug_frame   0x000000000000002c       0x3c ./Application/User/memory_msp.o
 .debug_frame   0x0000000000000068       0x74 ./Application/User/qspi.o
 .debug_frame   0x00000000000000dc       0xa0 ./Application/User/stm32h7xx_it.o
 .debug_frame   0x000000000000017c       0x44 ./Drivers/CMSIS/system_stm32h7xx.o
 .debug_frame   0x00000000000001c0      0x378 ./Drivers/STM32H7xx_HAL_Driver/stm32h7xx_hal.o
 .debug_frame   0x0000000000000538      0x168 ./Drivers/STM32H7xx_HAL_Driver/stm32h7xx_hal_cortex.o
 .debug_frame   0x00000000000006a0       0xd4 ./Drivers/STM32H7xx_HAL_Driver/stm32h7xx_hal_gpio.o
 .debug_frame   0x0000000000000774      0x2fc ./Drivers/STM32H7xx_HAL_Driver/stm32h7xx_hal_pwr_ex.o
 .debug_frame   0x0000000000000a70      0x3c0 ./Drivers/STM32H7xx_HAL_Driver/stm32h7xx_hal_qspi.o
 .debug_frame   0x0000000000000e30      0x178 ./Drivers/STM32H7xx_HAL_Driver/stm32h7xx_hal_rcc.o
 .debug_frame   0x0000000000000fa8       0x2c c:/st/stm32cubeide_1.10.1/stm32cubeide/plugins/com.st.stm32cube.ide.mcu.externaltools.gnu-tools-for-stm32.10.3-2021.10.win32_1.0.0.202111181127/tools/bin/../lib/gcc/arm-none-eabi/10.3.1/../../../../arm-none-eabi/lib/thumb/v7e-m+dp/hard\libc_nano.a(lib_a-init.o)
