../Core/Src/main.c:91:5:_write	24	static
../Core/Src/main.c:102:5:main	24	static
../Core/Src/main.c:207:6:SystemClock_Config	120	static
../Core/Src/main.c:271:6:PeriphCommonClock_Config	200	static
../Core/Src/main.c:298:13:MX_ADC1_Init	48	static
../Core/Src/main.c:366:13:MX_ADC2_Init	40	static
../Core/Src/main.c:425:13:MX_ADC3_Init	40	static
../Core/Src/main.c:483:13:MX_SPI2_Init	8	static
../Core/Src/main.c:531:13:MX_USART3_UART_Init	8	static
../Core/Src/main.c:579:13:MX_GPIO_Init	72	static
../Core/Src/main.c:830:13:PicturesPosition	24	static
../Core/Src/main.c:847:6:HAL_LTDC_ReloadEventCallback	16	static
../Core/Src/main.c:868:13:LCD_Config	304	static
../Core/Src/main.c:1018:13:CPU_CACHE_Enable	24	static,ignoring_inline_asm
../Core/Src/main.c:1033:6:Error_Handler	8	static,ignoring_inline_asm
